O O O O O O B-devicedevice I-devicedevice I-devicedevice I-devicedevice O O
O O O B-devicedevice I-devicedevice I-devicedevice I-devicedevice I-devicedevice
O O O B-devicedevice I-devicedevice I-devicedevice
O O O O O O O O B-devicedevice I-devicedevice I-devicedevice I-devicedevice I-devicedevice
O O O B-devicedevice I-devicedevice I-devicedevice I-devicedevice O I-devicedevice I-change-valuesyspercentage I-change-valuesyspercentage O B-roomroom I-roomroom I-roomroom I-roomroom B-floornumberfloornumber B-floornumberfloornumber I-floornumberfloornumber B-change-valuesyspercentage O
O O O B-devicedevice I-devicedevice O B-change-valuesyspercentage I-change-valuesyspercentage I-change-valuesyspercentage O
O O O O O O B-devicedevice I-devicedevice I-devicedevice I-devicedevice B-change-valuesyspercentage O B-change-valuesyspercentage I-change-valuesyspercentage I-change-valuesyspercentage O
O B-devicedevice O B-devicedevice I-change-valuesyspercentage I-change-valuesyspercentage O O
O O O B-devicedevice I-devicedevice I-devicedevice O B-change-valuesyspercentage I-change-valuesyspercentage I-change-valuesyspercentage O
O O O B-devicedevice I-devicedevice I-devicedevice I-devicedevice O I-floornumberfloornumber I-change-valuesyspercentage I-change-valuesyspercentage O B-roomroom I-roomroom B-change-valuesyspercentage B-floornumberfloornumber B-floornumberfloornumber I-floornumberfloornumber I-floornumberfloornumber O
O O O O O O B-devicedevice I-devicedevice O B-change-valuesyspercentage I-change-valuesyspercentage I-change-valuesyspercentage O
O O O B-devicedevice I-devicedevice I-devicedevice I-devicedevice O I-devicedevice I-change-valuesyspercentage I-change-valuesyspercentage O B-roomroom I-roomroom B-change-valuesyspercentage B-floornumberfloornumber B-floornumberfloornumber I-roomroom O
O O O O O O O O O B-devicedevice I-devicedevice I-devicedevice I-devicedevice B-change-valuesyspercentage O I-roomroom I-change-valuesyspercentage I-change-valuesyspercentage O
O O O B-devicedevice I-devicedevice I-devicedevice I-devicedevice O B-change-valuesyspercentage I-change-valuesyspercentage I-change-valuesyspercentage O B-roomroom I-roomroom I-roomroom B-floornumberfloornumber B-floornumberfloornumber I-floornumberfloornumber I-floornumberfloornumber O
O O O O O O B-devicedevice B-devicedevice O B-change-valuesyspercentage I-change-valuesyspercentage I-change-valuesyspercentage O
O O O B-devicedevice I-devicedevice I-devicedevice I-devicedevice
O O O B-devicedevice I-devicedevice I-devicedevice
O O O O O O B-devicedevice I-devicedevice I-devicedevice I-devicedevice I-devicedevice O B-change-valuesyspercentage I-change-valuesyspercentage I-change-valuesyspercentage O
O B-devicedevice I-devicedevice I-devicedevice I-devicedevice O B-change-valuesyspercentage I-change-valuesyspercentage I-change-valuesyspercentage O O
O O O O O O O O O B-devicedevice I-devicedevice I-devicedevice I-roomroom O O I-change-valuesyspercentage I-change-valuesyspercentage O
O O O O O O B-devicedevice I-devicedevice O B-change-valuesyspercentage I-change-valuesyspercentage I-change-valuesyspercentage O
O O O O O O O O B-devicedevice I-devicedevice
O O O B-devicedevice I-devicedevice I-devicedevice I-devicedevice O B-change-valuesyspercentage I-change-valuesyspercentage I-change-valuesyspercentage O
O O O B-devicedevice I-devicedevice I-devicedevice I-devicedevice
O O O O O O O O O B-devicedevice I-devicedevice O B-change-valuesyspercentage I-change-valuesyspercentage I-change-valuesyspercentage O
O O O O O O B-devicedevice I-devicedevice I-devicedevice I-devicedevice I-devicedevice O O
O O O O O O B-devicedevice I-devicedevice I-devicedevice B-sysnumbersysnumber O O
O O O O O O O O B-devicedevice I-devicedevice
O O O B-devicedevice O I-devicedevice O B-change-valuesyspercentage I-change-valuesyspercentage I-change-valuesyspercentage O
O O O O O O O O B-devicedevice I-devicedevice I-devicedevice
O O O O O O O O B-devicedevice I-devicedevice I-devicedevice I-devicedevice
O B-devicedevice I-devicedevice I-devicedevice O B-change-valuesyspercentage I-change-valuesyspercentage I-change-valuesyspercentage O O
O O O O O O B-devicedevice I-devicedevice O O
O B-devicedevice I-devicedevice O B-change-valuesyspercentage I-change-valuesyspercentage I-change-valuesyspercentage O O
O B-devicedevice I-devicedevice I-devicedevice O B-change-valuesyspercentage I-change-valuesyspercentage I-change-valuesyspercentage O O
O O O B-devicedevice I-devicedevice I-devicedevice O B-change-valuesyspercentage I-change-valuesyspercentage I-change-valuesyspercentage O
O O O O O O B-devicedevice I-devicedevice O O
O O O O O O O O O I-roomroom O I-devicedevice I-devicedevice O B-change-valuesyspercentage I-change-valuesyspercentage I-change-valuesyspercentage O
O O O O O O O O O B-devicedevice I-devicedevice B-change-valuesyspercentage O B-change-valuesyspercentage I-change-valuesyspercentage I-change-valuesyspercentage O
O O O B-devicedevice I-devicedevice O B-change-valuesyspercentage I-change-valuesyspercentage I-change-valuesyspercentage O B-roomroom I-roomroom B-floornumberfloornumber B-floornumberfloornumber I-floornumberfloornumber I-floornumberfloornumber O
B-commandcommand O O O B-devicedevice I-devicedevice I-devicedevice I-devicedevice O I-roomroom O
B-commandcommand O O O B-devicedevice I-devicedevice I-devicedevice I-devicedevice O I-roomroom O
B-commandcommand O B-devicedevice I-devicedevice I-devicedevice I-devicedevice O O B-final-valuesysnumber
B-commandcommand O O O B-devicedevice I-devicedevice I-devicedevice I-devicedevice O I-roomroom O
B-commandcommand I-commandcommand O O B-roomroom I-roomroom I-roomroom I-roomroom O O B-final-valuesysnumber
B-commandcommand O O O B-devicedevice I-devicedevice I-devicedevice I-devicedevice O I-roomroom O
B-devicedevice I-devicedevice O B-final-valuesysnumber
B-commandcommand I-commandcommand O O O B-devicedevice I-devicedevice I-devicedevice I-devicedevice O I-roomroom O
B-commandcommand I-commandcommand B-devicedevice I-devicedevice I-devicedevice O O B-sysnumbersysnumber
O O B-commandcommand B-devicedevice I-devicedevice B-roomroom I-roomroom I-roomroom O O I-roomroom
B-commandcommand B-devicedevice I-devicedevice I-devicedevice O B-roomroom I-roomroom I-roomroom I-roomroom O O
B-commandcommand O O B-roomroom I-roomroom I-roomroom O O B-final-valuesysnumber
B-commandcommand B-devicedevice I-devicedevice O O B-final-valuesysnumber
B-commandcommand O O O O B-devicedevice I-devicedevice I-devicedevice
B-commandcommand B-devicedevice I-devicedevice I-devicedevice I-devicedevice I-devicedevice O B-roomroom I-roomroom I-roomroom O O
B-commandcommand O O B-roomroom I-roomroom I-roomroom I-roomroom O O I-roomroom
B-commandcommand O B-devicedevice I-devicedevice I-devicedevice I-devicedevice O O B-final-valuesysnumber
B-commandcommand O O O O B-devicedevice I-devicedevice I-devicedevice I-devicedevice
B-commandcommand I-commandcommand O B-devicedevice I-devicedevice I-devicedevice I-devicedevice I-devicedevice O O B-final-valuesysnumber
B-devicedevice I-devicedevice I-devicedevice I-devicedevice I-devicedevice I-devicedevice O B-final-valuesysnumber
B-commandcommand O O B-roomroom I-roomroom I-roomroom O O B-final-valuesysnumber
B-commandcommand I-commandcommand B-devicedevice I-devicedevice I-devicedevice O B-roomroom I-roomroom I-roomroom I-roomroom O O
O O B-commandcommand B-devicedevice I-devicedevice B-roomroom B-commandcommand I-roomroom I-roomroom O O I-roomroom
B-commandcommand I-commandcommand B-devicedevice I-devicedevice I-devicedevice O B-roomroom I-roomroom O O
B-commandcommand B-devicedevice I-devicedevice O O B-final-valuesysnumber
B-commandcommand B-final-valuesysnumber O B-final-valuesysnumber
B-commandcommand O B-devicedevice I-devicedevice I-devicedevice O O B-final-valuesysnumber
B-devicedevice I-devicedevice I-devicedevice O B-final-valuesysnumber
O O B-commandcommand B-devicedevice I-devicedevice I-devicedevice I-devicedevice B-roomroom I-roomroom I-roomroom O O B-final-valuesysnumber
B-commandcommand O O O O B-devicedevice I-devicedevice
B-commandcommand O B-devicedevice I-devicedevice I-devicedevice I-devicedevice O O B-final-valuesysnumber
B-devicedevice I-devicedevice O I-devicedevice
B-commandcommand B-devicedevice I-devicedevice O O B-final-valuesysnumber
O O B-commandcommand B-devicedevice I-devicedevice I-devicedevice B-roomroom I-roomroom I-roomroom B-sysnumbersysnumber O O I-roomroom
B-commandcommand B-devicedevice I-devicedevice O O B-final-valuesysnumber
B-commandcommand O O O O B-devicedevice I-devicedevice
B-commandcommand O O B-roomroom I-roomroom I-roomroom O O I-roomroom
O O B-commandcommand B-devicedevice I-devicedevice B-roomroom I-roomroom I-roomroom O O B-final-valuesysnumber
B-commandcommand B-devicedevice I-devicedevice I-devicedevice O B-roomroom I-roomroom O O
B-commandcommand O O O O B-devicedevice I-devicedevice I-devicedevice I-devicedevice
O O O O B-devicedevice I-devicedevice O B-roomroom I-roomroom I-roomroom O O O O O
O B-devicedevice I-devicedevice I-devicedevice O B-roomroom I-devicedevice O I-devicedevice O O O O O O O
O O O B-devicedevice I-devicedevice I-devicedevice I-devicedevice I-devicedevice O B-roomroom I-roomroom I-roomroom I-roomroom I-roomroom O O O O
O O O O B-devicedevice O B-roomroom I-roomroom I-devicedevice O O O O O
O O O O O O O O B-devicedevice I-devicedevice I-devicedevice I-devicedevice I-devicedevice O B-roomroom I-roomroom O
O O O O O B-devicedevice I-devicedevice I-devicedevice I-devicedevice O O I-devicedevice O O O O
O O O O O O O B-devicedevice I-devicedevice I-devicedevice I-devicedevice O B-roomroom I-roomroom I-roomroom O
O O O O B-devicedevice I-devicedevice I-devicedevice I-devicedevice I-devicedevice O
O O B-devicedevice I-devicedevice I-devicedevice I-devicedevice I-devicedevice O O O
O O O O B-devicedevice I-devicedevice O B-roomroom I-roomroom I-devicedevice O O O O O
O O O B-devicedevice I-devicedevice I-devicedevice O B-roomroom I-roomroom O O O O
O O O O O O O B-devicedevice I-devicedevice I-devicedevice O B-roomroom I-roomroom O
O O O O O O O O B-devicedevice I-devicedevice I-devicedevice I-devicedevice I-devicedevice O B-roomroom I-roomroom I-roomroom I-roomroom O
O O O B-devicedevice I-devicedevice O B-roomroom I-roomroom I-roomroom O O I-roomroom O
O O O O B-devicedevice I-devicedevice I-devicedevice O
O O O O B-devicedevice I-devicedevice O B-roomroom I-devicedevice I-roomroom O O O O O
O O O O B-devicedevice O
O O O O O B-devicedevice I-devicedevice I-devicedevice I-devicedevice O O I-devicedevice O O O O
O I-devicedevice B-devicedevice I-devicedevice I-devicedevice I-devicedevice O O O
O O O O O O O O B-devicedevice I-devicedevice I-roomroom O B-roomroom I-roomroom I-roomroom O
O O O O B-devicedevice
O O O O O B-devicedevice I-devicedevice I-devicedevice I-devicedevice O O I-devicedevice O O O O
O O O O O O B-devicedevice I-devicedevice O B-roomroom I-roomroom I-roomroom I-roomroom
O B-devicedevice I-devicedevice I-devicedevice O I-devicedevice I-roomroom I-devicedevice O I-devicedevice O O O O O O O
O O O O B-devicedevice I-devicedevice I-devicedevice O B-roomroom I-roomroom O O O O O
O O O O B-devicedevice I-devicedevice I-devicedevice
O O O O O O B-devicedevice I-devicedevice I-devicedevice I-devicedevice I-devicedevice O B-roomroom
O O O O O O O I-roomroom I-roomroom O B-roomroom I-devicedevice I-roomroom O
B-devicedevice I-devicedevice O I-statusstatus B-statusstatus
O O O O B-devicedevice I-devicedevice O
O O O O O O O O B-devicedevice I-devicedevice O B-roomroom I-roomroom I-roomroom O
O O O O O O O B-devicedevice I-devicedevice I-devicedevice I-devicedevice O B-roomroom I-roomroom I-roomroom I-roomroom O
B-commandcommand I-devicedevice B-devicedevice I-devicedevice I-devicedevice I-devicedevice O O O
B-devicedevice I-devicedevice I-devicedevice I-devicedevice O I-statusstatus B-statusstatus
O O O O O O B-devicedevice I-devicedevice O B-roomroom I-roomroom I-roomroom I-roomroom
B-devicedevice I-devicedevice I-devicedevice I-devicedevice O I-statusstatus I-statusstatus I-statusstatus O
O O O O O O B-devicedevice I-devicedevice O B-roomroom I-roomroom I-devicedevice
O O O B-devicedevice I-devicedevice I-devicedevice O B-roomroom I-roomroom I-roomroom O O O O
O O O O B-devicedevice I-devicedevice I-devicedevice
B-devicedevice I-devicedevice B-statusstatus O I-statusstatus B-statusstatus
O O O O B-devicedevice I-devicedevice I-devicedevice
O B-devicedevice I-devicedevice I-devicedevice I-devicedevice O B-roomroom I-roomroom O I-roomroom I-roomroom O O O O O O
B-devicedevice I-devicedevice I-devicedevice I-statusstatus I-statusstatus I-statusstatus B-statusstatus
O I-devicedevice B-devicedevice I-devicedevice I-devicedevice I-devicedevice O O O
O O O O B-devicedevice I-devicedevice I-devicedevice I-devicedevice O
O O O O O O O B-devicedevice I-devicedevice I-devicedevice I-devicedevice I-devicedevice O B-roomroom I-roomroom I-roomroom I-devicedevice O
O O O O O B-devicedevice I-devicedevice I-devicedevice I-devicedevice I-devicedevice O O I-devicedevice O O O O
O B-devicedevice I-devicedevice I-devicedevice O I-devicedevice I-roomroom O I-roomroom O O O O O O O
O O O O B-devicedevice I-devicedevice I-devicedevice I-devicedevice I-devicedevice
O B-devicedevice O I-devicedevice I-devicedevice I-devicedevice O B-roomroom I-devicedevice O I-devicedevice I-roomroom O O O O O O
O O O O O O O O B-devicedevice I-devicedevice I-devicedevice I-roomroom O B-roomroom I-roomroom O I-devicedevice O
B-commandcommand I-devicedevice B-devicedevice O O O
O O O B-devicedevice O I-devicedevice I-devicedevice O O O O
O O O O O B-devicedevice I-devicedevice I-devicedevice I-devicedevice O O I-devicedevice O O O O
O O O O O O B-devicedevice I-devicedevice O B-roomroom I-roomroom
O O O B-devicedevice I-devicedevice O B-roomroom
O O O B-devicedevice I-devicedevice I-devicedevice I-devicedevice O I-roomroom B-roomroom
O O B-commandcommand O B-devicedevice I-devicedevice O B-final-valuesyspercentage I-final-valuesyspercentage I-final-valuesyspercentage
B-commandcommand I-commandcommand I-roomroom B-roomroom B-devicedevice I-devicedevice I-devicedevice O B-change-valuesyspercentage I-change-valuesyspercentage I-change-valuesyspercentage
O O B-commandcommand I-commandcommand O B-devicedevice I-devicedevice I-devicedevice I-devicedevice O B-change-valuesyspercentage I-final-valuesyspercentage I-final-valuesyspercentage
O O O B-roomroom I-roomroom
O B-devicedevice I-devicedevice I-devicedevice I-devicedevice O B-change-valuesyspercentage I-change-valuesyspercentage I-change-valuesyspercentage
B-devicedevice I-devicedevice B-roomroom I-roomroom I-roomroom O B-final-valuesyspercentage I-final-valuesyspercentage I-final-valuesyspercentage
B-commandcommand I-commandcommand I-roomroom I-devicedevice B-devicedevice I-devicedevice I-devicedevice O B-final-valuesyspercentage I-final-valuesyspercentage I-final-valuesyspercentage
B-commandcommand O I-devicedevice B-devicedevice I-devicedevice I-devicedevice I-devicedevice O B-change-valuesyspercentage I-change-valuesyspercentage I-change-valuesyspercentage
B-devicedevice I-devicedevice I-devicedevice I-devicedevice B-roomroom I-roomroom I-roomroom O I-roomroom I-final-valuesyspercentage I-final-valuesyspercentage
O O O I-roomroom O I-devicedevice O B-roomroom I-roomroom
O O O I-devicedevice O O B-roomroom I-roomroom I-roomroom O O B-devicedevice O O B-change-valuesyspercentage O O O O O I-roomroom O O O B-change-valuesyspercentage I-change-valuesyspercentage I-change-valuesyspercentage B-devicedevice B-devicedevice I-devicedevice O
B-commandcommand I-roomroom I-devicedevice B-devicedevice I-devicedevice O B-final-valuesyspercentage I-change-valuesyspercentage I-change-valuesyspercentage
B-commandcommand B-devicedevice O I-devicedevice I-final-valuesyspercentage I-final-valuesyspercentage
O O B-commandcommand I-commandcommand O B-devicedevice I-devicedevice B-change-valuesyspercentage O B-final-valuesyspercentage I-change-valuesyspercentage I-change-valuesyspercentage
B-commandcommand I-commandcommand B-devicedevice I-devicedevice O B-final-valuesyspercentage I-change-valuesyspercentage I-change-valuesyspercentage
O O O I-devicedevice O O B-roomroom I-devicedevice O O B-devicedevice O O O O O O O O I-roomroom O O O B-change-valuesyspercentage I-change-valuesyspercentage I-change-valuesyspercentage B-devicedevice I-devicedevice I-devicedevice I-roomroom O
B-commandcommand I-commandcommand B-allall B-devicedevice I-devicedevice I-devicedevice O B-change-valuesyspercentage I-change-valuesyspercentage I-change-valuesyspercentage
B-commandcommand I-commandcommand B-allall I-commandcommand B-devicedevice I-devicedevice O B-final-valuesyspercentage I-final-valuesyspercentage I-final-valuesyspercentage
B-devicedevice I-devicedevice I-devicedevice B-roomroom I-roomroom I-roomroom O B-change-valuesyspercentage I-final-valuesyspercentage I-final-valuesyspercentage
B-devicedevice I-devicedevice I-devicedevice I-devicedevice B-roomroom I-roomroom I-roomroom O I-roomroom I-change-valuesyspercentage I-change-valuesyspercentage
O O O I-devicedevice O O B-roomroom I-roomroom I-roomroom O O B-devicedevice O O B-change-valuesyspercentage O O O O O I-roomroom O O O B-change-valuesyspercentage I-change-valuesyspercentage I-change-valuesyspercentage B-devicedevice I-devicedevice I-devicedevice O
O O O B-roomroom I-roomroom B-devicedevice
O O O B-roomroom I-roomroom I-roomroom I-roomroom
O O O B-roomroom I-roomroom I-roomroom
B-commandcommand I-roomroom I-devicedevice B-devicedevice I-devicedevice I-devicedevice I-devicedevice O B-final-valuesyspercentage I-change-valuesyspercentage I-change-valuesyspercentage
O O O B-roomroom I-roomroom I-roomroom
B-commandcommand I-commandcommand B-devicedevice I-devicedevice I-devicedevice O B-change-valuesyspercentage I-final-valuesyspercentage I-final-valuesyspercentage
O O O B-devicedevice I-devicedevice I-devicedevice I-devicedevice O I-devicedevice O
B-commandcommand I-commandcommand B-allall B-devicedevice I-devicedevice B-change-valuesyspercentage O B-change-valuesyspercentage I-change-valuesyspercentage I-change-valuesyspercentage
B-commandcommand O I-devicedevice B-devicedevice I-devicedevice O B-change-valuesyspercentage I-change-valuesyspercentage I-change-valuesyspercentage
O O O I-devicedevice O O B-roomroom I-roomroom O O B-devicedevice O O O O O O O O I-roomroom O O O B-change-valuesyspercentage I-change-valuesyspercentage I-change-valuesyspercentage B-devicedevice I-devicedevice I-devicedevice I-roomroom O
O I-roomroom I-devicedevice B-devicedevice I-devicedevice I-devicedevice I-devicedevice O B-change-valuesyspercentage I-change-valuesyspercentage I-change-valuesyspercentage
O O O I-devicedevice O O B-roomroom I-roomroom I-devicedevice O O B-devicedevice O O B-change-valuesyspercentage O O O O O I-roomroom O O O I-devicedevice I-change-valuesyspercentage I-change-valuesyspercentage B-devicedevice I-devicedevice O
O O B-commandcommand I-commandcommand O B-devicedevice I-devicedevice I-devicedevice O B-final-valuesyspercentage I-final-valuesyspercentage I-final-valuesyspercentage
B-devicedevice I-devicedevice B-roomroom I-roomroom I-devicedevice O B-change-valuesyspercentage I-change-valuesyspercentage I-change-valuesyspercentage
O O O B-devicedevice I-devicedevice I-devicedevice I-devicedevice I-devicedevice O B-roomroom I-roomroom I-roomroom I-roomroom
O O B-commandcommand O B-devicedevice I-devicedevice I-devicedevice I-devicedevice O B-final-valuesyspercentage I-final-valuesyspercentage I-final-valuesyspercentage
O B-commandcommand O O B-devicedevice I-devicedevice I-devicedevice O B-roomroom I-roomroom
O O B-commandcommand B-devicedevice I-devicedevice
B-commandcommand I-commandcommand B-devicedevice I-devicedevice I-devicedevice O O B-final-valuesyspercentage I-final-valuesyspercentage I-final-valuesyspercentage O B-final-valuesyspercentage
B-commandcommand B-devicedevice I-final-valuesyspercentage I-final-valuesyspercentage B-devicedevice I-devicedevice I-devicedevice I-devicedevice I-roomroom I-roomroom
B-commandcommand B-devicedevice I-devicedevice I-devicedevice I-devicedevice O O B-final-valuesyspercentage I-final-valuesyspercentage I-final-valuesyspercentage O B-final-valuesyspercentage
B-commandcommand B-final-valuesyspercentage I-devicedevice O B-final-valuesyspercentage I-final-valuesyspercentage I-final-valuesyspercentage
B-commandcommand I-commandcommand B-final-valuesyspercentage B-devicedevice I-devicedevice I-devicedevice O O B-final-valuesyspercentage I-final-valuesyspercentage I-final-valuesyspercentage
B-commandcommand B-devicedevice I-devicedevice I-devicedevice O B-final-valuesyspercentage I-final-valuesyspercentage I-final-valuesyspercentage
B-commandcommand I-commandcommand B-allall B-devicedevice I-devicedevice I-devicedevice I-devicedevice O O B-final-valuesyspercentage I-final-valuesyspercentage I-final-valuesyspercentage
B-commandcommand B-final-valuesyspercentage I-final-valuesyspercentage I-final-valuesyspercentage B-devicedevice I-devicedevice B-roomroom I-roomroom I-roomroom
B-commandcommand I-commandcommand B-devicedevice I-devicedevice I-devicedevice I-devicedevice B-final-valuesyspercentage I-roomroom B-final-valuesyspercentage I-final-valuesyspercentage I-final-valuesyspercentage
B-commandcommand B-devicedevice B-devicedevice I-devicedevice I-devicedevice O B-final-valuesyspercentage I-final-valuesyspercentage I-final-valuesyspercentage
O O B-commandcommand B-devicedevice I-devicedevice
B-commandcommand B-devicedevice I-devicedevice I-devicedevice O O B-final-valuesyspercentage I-final-valuesyspercentage I-final-valuesyspercentage O O
B-commandcommand I-devicedevice I-devicedevice B-devicedevice I-devicedevice I-devicedevice I-devicedevice O O B-final-valuesyspercentage I-final-valuesyspercentage I-final-valuesyspercentage
O B-commandcommand O O B-devicedevice I-devicedevice I-devicedevice I-devicedevice O B-roomroom I-roomroom
B-commandcommand B-devicedevice B-devicedevice I-devicedevice I-devicedevice B-roomroom I-roomroom I-roomroom B-final-valuesyspercentage I-final-valuesyspercentage I-final-valuesyspercentage
B-commandcommand I-commandcommand B-devicedevice I-devicedevice I-devicedevice I-devicedevice B-roomroom I-roomroom B-final-valuesyspercentage I-final-valuesyspercentage I-final-valuesyspercentage
O O B-commandcommand B-devicedevice O
B-commandcommand B-devicedevice I-devicedevice I-devicedevice B-roomroom I-roomroom O I-final-valuesyspercentage I-final-valuesyspercentage
B-commandcommand B-devicedevice I-devicedevice I-devicedevice I-devicedevice B-roomroom I-devicedevice I-roomroom B-final-valuesyspercentage I-final-valuesyspercentage I-final-valuesyspercentage
B-commandcommand B-final-valuesyspercentage I-final-valuesyspercentage I-final-valuesyspercentage B-devicedevice I-devicedevice I-roomroom B-roomroom I-roomroom
B-commandcommand B-devicedevice O B-change-valuesyspercentage I-final-valuesyspercentage I-final-valuesyspercentage
B-commandcommand B-devicedevice I-devicedevice I-devicedevice I-devicedevice O O B-final-valuesyspercentage I-final-valuesyspercentage I-final-valuesyspercentage O O
B-commandcommand B-devicedevice I-devicedevice I-devicedevice I-devicedevice O B-final-valuesyspercentage I-final-valuesyspercentage I-final-valuesyspercentage
B-commandcommand B-final-valuesyspercentage B-final-valuesyspercentage B-devicedevice I-devicedevice O O B-final-valuesyspercentage I-final-valuesyspercentage I-final-valuesyspercentage
B-commandcommand I-commandcommand I-devicedevice B-devicedevice I-devicedevice I-devicedevice I-devicedevice I-devicedevice O O B-final-valuesyspercentage I-final-valuesyspercentage I-final-valuesyspercentage
O O B-commandcommand I-commandcommand B-devicedevice I-devicedevice I-devicedevice I-devicedevice I-devicedevice
B-commandcommand B-final-valuesyspercentage I-final-valuesyspercentage I-final-valuesyspercentage B-devicedevice I-devicedevice I-devicedevice B-roomroom I-roomroom I-roomroom
B-commandcommand B-final-valuesyspercentage I-final-valuesyspercentage I-final-valuesyspercentage B-devicedevice I-devicedevice B-roomroom I-roomroom
O B-commandcommand O O B-devicedevice I-devicedevice I-devicedevice O B-roomroom I-roomroom I-roomroom
O B-commandcommand O O B-devicedevice I-devicedevice I-devicedevice O I-roomroom I-roomroom
O B-commandcommand O O B-devicedevice O B-roomroom I-roomroom I-roomroom
B-commandcommand B-devicedevice I-devicedevice O O B-final-valuesyspercentage I-final-valuesyspercentage I-final-valuesyspercentage O O
O O B-commandcommand I-commandcommand B-devicedevice I-devicedevice I-devicedevice I-devicedevice
O O O O B-devicedevice I-devicedevice O I-colorcolor O
O O B-devicedevice I-devicedevice I-devicedevice I-devicedevice O I-devicedevice O O O O
B-commandcommand I-commandcommand I-commandcommand I-colorcolor O B-devicedevice I-devicedevice I-devicedevice I-devicedevice I-devicedevice B-roomroom I-roomroom I-roomroom I-floornumberfloornumber B-floornumberfloornumber I-floornumberfloornumber I-floornumberfloornumber
O O I-commandcommand B-commandcommand I-commandcommand O O B-devicedevice B-roomroom I-devicedevice O B-colorcolor B-colorcolor B-colorcolor O
O O I-commandcommand B-commandcommand O O B-devicedevice I-devicedevice I-devicedevice O B-colorcolor I-colorcolor O
O B-commandcommand I-commandcommand B-devicedevice I-devicedevice I-devicedevice O O B-colorcolor I-colorcolor O O O
O O B-commandcommand O B-devicedevice I-devicedevice I-devicedevice I-devicedevice O I-colorcolor
O O B-commandcommand I-commandcommand B-devicedevice I-devicedevice O B-colorcolor I-colorcolor I-colorcolor
O O O O B-commandcommand O O O B-devicedevice I-devicedevice I-devicedevice O I-colorcolor
O I-commandcommand O B-devicedevice I-devicedevice I-devicedevice I-devicedevice O B-colorcolor O
O B-commandcommand O B-devicedevice I-devicedevice I-devicedevice O B-colorcolor B-colorcolor O
O O B-commandcommand O B-devicedevice I-devicedevice I-devicedevice O I-colorcolor
B-commandcommand I-commandcommand I-devicedevice O B-devicedevice I-devicedevice I-devicedevice I-devicedevice B-roomroom I-roomroom I-roomroom B-floornumberfloornumber
O I-commandcommand O O B-commandcommand O O O B-devicedevice I-devicedevice O B-colorcolor I-colorcolor
O I-commandcommand O O B-devicedevice I-devicedevice I-devicedevice I-devicedevice O B-colorcolor I-colorcolor O
O B-commandcommand I-commandcommand B-devicedevice I-devicedevice I-devicedevice O O I-devicedevice O O O
O O O O B-devicedevice O I-devicedevice O B-colorcolor I-devicedevice O
O B-commandcommand I-commandcommand O B-devicedevice I-devicedevice I-devicedevice I-devicedevice O I-colorcolor O
O B-commandcommand I-commandcommand O B-devicedevice I-devicedevice I-devicedevice I-devicedevice O B-colorcolor B-colorcolor O
B-devicedevice I-devicedevice B-commandcommand B-colorcolor I-devicedevice
O O O O B-commandcommand I-devicedevice B-devicedevice I-devicedevice I-devicedevice O O O
O O O O B-commandcommand O O B-devicedevice I-devicedevice I-devicedevice I-devicedevice I-devicedevice O O O
O O B-commandcommand I-commandcommand B-devicedevice I-devicedevice I-devicedevice O B-colorcolor I-colorcolor
B-commandcommand I-commandcommand I-commandcommand I-devicedevice O B-devicedevice I-devicedevice B-roomroom I-roomroom I-roomroom I-roomroom B-floornumberfloornumber I-floornumberfloornumber
O O O O B-commandcommand O B-devicedevice I-devicedevice O O O
B-commandcommand I-commandcommand O O B-devicedevice I-devicedevice I-devicedevice B-roomroom I-roomroom I-roomroom I-roomroom B-floornumberfloornumber I-floornumberfloornumber I-roomroom
B-commandcommand O I-commandcommand B-commandcommand I-commandcommand I-commandcommand O O B-devicedevice I-devicedevice O B-colorcolor B-colorcolor I-floornumberfloornumber O
O I-commandcommand O O O I-commandcommand I-commandcommand I-commandcommand O O B-devicedevice B-colorcolor I-devicedevice O I-colorcolor
O O I-commandcommand B-commandcommand O O B-devicedevice I-devicedevice I-devicedevice I-devicedevice O B-colorcolor I-colorcolor O
O O B-commandcommand O B-devicedevice I-devicedevice O I-colorcolor I-colorcolor
B-commandcommand I-commandcommand I-commandcommand O B-devicedevice I-devicedevice I-devicedevice I-devicedevice B-roomroom I-roomroom I-roomroom B-floornumberfloornumber
O I-commandcommand O O B-devicedevice I-devicedevice I-devicedevice I-devicedevice I-devicedevice O B-colorcolor I-colorcolor I-colorcolor O
B-devicedevice I-devicedevice I-devicedevice B-commandcommand B-colorcolor B-colorcolor I-colorcolor
O B-commandcommand B-devicedevice I-devicedevice I-devicedevice O O I-colorcolor O O O
B-devicedevice I-devicedevice I-devicedevice I-devicedevice B-commandcommand O I-colorcolor
O I-commandcommand O O I-commandcommand O O O B-devicedevice I-devicedevice I-devicedevice I-devicedevice O I-colorcolor
B-devicedevice I-devicedevice I-devicedevice I-devicedevice B-commandcommand B-colorcolor I-colorcolor
O O O O B-devicedevice I-devicedevice I-devicedevice O B-colorcolor B-colorcolor I-colorcolor O
O O O O B-commandcommand O O B-devicedevice I-devicedevice I-devicedevice O O O
O O O O B-commandcommand I-commandcommand O B-devicedevice I-devicedevice I-devicedevice I-devicedevice O O O
B-commandcommand O I-commandcommand B-commandcommand O O B-devicedevice I-devicedevice I-devicedevice O B-colorcolor B-colorcolor I-colorcolor O
B-devicedevice I-devicedevice I-devicedevice B-commandcommand I-commandcommand I-commandcommand I-commandcommand B-colorcolor I-colorcolor
O B-commandcommand O B-devicedevice I-devicedevice I-devicedevice O B-colorcolor I-colorcolor O
O I-commandcommand O O B-commandcommand I-commandcommand O O B-devicedevice I-devicedevice I-devicedevice I-devicedevice O I-colorcolor I-colorcolor I-colorcolor
O B-commandcommand B-devicedevice I-devicedevice O B-colorcolor O O O
O O O B-devicedevice O O B-sysnumbersysnumber O
O B-devicedevice I-devicedevice
O O O O O B-devicedevice I-devicedevice I-devicedevice
O O O O O B-devicedevice O I-devicedevice I-devicedevice
O O O B-devicedevice I-devicedevice I-devicedevice I-devicedevice O O B-sysnumbersysnumber O
O O O O O B-devicedevice
O O O B-devicedevice I-devicedevice I-devicedevice I-devicedevice
O O O B-devicedevice I-devicedevice
O O O B-devicedevice I-devicedevice O
O O O O O B-devicedevice I-devicedevice I-devicedevice
O O O B-devicedevice I-devicedevice O O B-sysnumbersysnumber O
O O O B-devicedevice
O B-devicedevice I-devicedevice I-devicedevice I-devicedevice
O O O B-devicedevice I-devicedevice
O B-devicedevice I-devicedevice
O O O B-devicedevice I-devicedevice O O B-sysnumbersysnumber O
O O B-commandcommand O O B-roomroom I-roomroom I-roomroom I-roomroom O O I-roomroom
O O O B-devicedevice I-devicedevice O
O O B-commandcommand I-commandcommand O I-roomroom B-roomroom I-roomroom I-roomroom O O I-roomroom
O O O B-devicedevice I-devicedevice I-devicedevice O
O O O B-devicedevice I-devicedevice
O O O B-devicedevice I-devicedevice I-devicedevice I-devicedevice I-devicedevice
O O O B-devicedevice I-devicedevice
O O O B-devicedevice I-devicedevice I-devicedevice O
O O B-commandcommand O O B-devicedevice B-sysnumbersysnumber O O B-final-valuesysnumber
O B-devicedevice I-devicedevice
O O B-commandcommand I-commandcommand O O B-roomroom I-roomroom I-roomroom I-roomroom O O B-final-valuesysnumber
O B-devicedevice I-devicedevice I-devicedevice I-devicedevice
O O B-commandcommand O O B-roomroom I-roomroom O O B-sysnumbersysnumber
O O O O O B-devicedevice I-devicedevice I-devicedevice I-devicedevice
O O O B-devicedevice I-devicedevice O
O O O B-devicedevice I-devicedevice I-devicedevice
O O O B-devicedevice I-devicedevice I-devicedevice I-devicedevice
O O O B-devicedevice I-devicedevice O O B-sysnumbersysnumber O
O O O O O O I-devicedevice O O B-devicedevice I-devicedevice I-devicedevice O B-sysnumbersysnumber O B-roomroom B-roomroom O O O
O O B-devicedevice I-devicedevice
O O O O O O O B-devicedevice I-devicedevice I-devicedevice
B-devicedevice I-devicedevice B-commandcommand I-commandcommand O O B-final-valuesysnumber
O O B-devicedevice I-devicedevice I-devicedevice I-devicedevice
O O O O O O O B-devicedevice I-devicedevice I-devicedevice O O B-sysnumbersysnumber O
O O O O O O B-devicedevice I-devicedevice I-devicedevice O
O O B-devicedevice O O B-devicedevice I-devicedevice I-devicedevice O O B-sysnumbersysnumber O B-roomroom I-roomroom O O O O O
O O O O O O B-devicedevice I-devicedevice I-devicedevice O
B-devicedevice I-devicedevice I-devicedevice O O O O B-sysnumbersysnumber
O O B-devicedevice I-devicedevice I-devicedevice I-devicedevice
O O O O O O O B-devicedevice I-devicedevice I-devicedevice B-sysnumbersysnumber O O B-sysnumbersysnumber O
O O B-devicedevice I-devicedevice I-devicedevice I-devicedevice
O O O O O O I-devicedevice O O B-devicedevice I-devicedevice O B-sysnumbersysnumber O B-roomroom I-roomroom O O O
O O O O O O O O B-devicedevice I-devicedevice I-devicedevice O I-devicedevice O
O O O O O O O B-devicedevice I-devicedevice I-devicedevice O O B-sysnumbersysnumber O
O O O O O O O O B-devicedevice I-devicedevice I-devicedevice O I-devicedevice O
O O B-devicedevice I-devicedevice O I-roomroom I-roomroom O O O O O O O O
B-devicedevice I-devicedevice B-commandcommand O O B-final-valuesysnumber
O O O O O O O B-devicedevice I-devicedevice I-devicedevice I-devicedevice
O O O O O O B-devicedevice I-devicedevice I-devicedevice O
O O B-devicedevice I-devicedevice O I-devicedevice B-roomroom I-devicedevice O O O O O O O O
O O B-devicedevice I-devicedevice I-devicedevice O B-roomroom I-roomroom I-roomroom I-roomroom I-roomroom O O O O O O O O
O O B-devicedevice O O B-devicedevice I-devicedevice I-devicedevice I-devicedevice O O B-sysnumbersysnumber O B-roomroom I-roomroom I-roomroom B-sysnumbersysnumber O O O O
O O O O O O B-devicedevice I-devicedevice I-devicedevice O
B-devicedevice I-devicedevice I-devicedevice O O O O B-change-valuesysnumber
O O O O O O I-devicedevice O O B-devicedevice I-devicedevice I-devicedevice B-sysnumbersysnumber O B-sysnumbersysnumber O B-roomroom I-roomroom O B-sysnumbersysnumber O O O
O O O O O O B-devicedevice I-devicedevice I-devicedevice O
O O O O O O O B-devicedevice I-devicedevice I-devicedevice
O O O O O O O B-devicedevice B-devicedevice I-devicedevice O O B-sysnumbersysnumber O
O O O O O O I-devicedevice O O B-devicedevice I-devicedevice I-devicedevice I-devicedevice B-sysnumbersysnumber O B-sysnumbersysnumber O B-roomroom I-roomroom I-roomroom B-sysnumbersysnumber O O O
O O B-devicedevice O O B-devicedevice I-devicedevice I-devicedevice I-devicedevice O O B-sysnumbersysnumber O B-roomroom O B-sysnumbersysnumber O O O O
O O B-devicedevice I-devicedevice I-devicedevice I-devicedevice I-devicedevice I-devicedevice
O O O O O O I-devicedevice O O B-devicedevice I-roomroom B-sysnumbersysnumber O B-sysnumbersysnumber O B-roomroom I-roomroom B-devicedevice B-sysnumbersysnumber O O O
O O O O O O O I-devicedevice
O O B-devicedevice I-devicedevice O B-roomroom I-devicedevice I-roomroom I-roomroom O O O O O O O O
O O O O O O O B-devicedevice I-devicedevice I-devicedevice O O B-sysnumbersysnumber O
O O O O O O O O B-devicedevice B-devicedevice O I-devicedevice O
O O O O O O O O B-devicedevice I-devicedevice I-devicedevice I-devicedevice O I-devicedevice O
O O O O O O O B-devicedevice I-devicedevice
O O B-devicedevice O O I-devicedevice I-devicedevice I-devicedevice O O B-sysnumbersysnumber O B-roomroom I-roomroom B-sysnumbersysnumber O O O O
O O B-devicedevice I-devicedevice I-devicedevice O B-roomroom I-roomroom I-roomroom O O O O O O O O
O O B-devicedevice O O B-devicedevice I-devicedevice I-devicedevice I-devicedevice I-devicedevice O O B-sysnumbersysnumber O B-roomroom I-roomroom I-roomroom I-devicedevice O O O O
B-devicedevice I-devicedevice B-commandcommand O O B-final-valuesysnumber
O O O O O O O O B-devicedevice I-devicedevice I-devicedevice I-devicedevice I-devicedevice O B-change-valuesyspercentage O
B-devicedevice I-devicedevice
B-commandcommand O I-commandcommand B-roomroom I-roomroom I-roomroom O
B-commandcommand O I-devicedevice O B-devicedevice I-devicedevice I-devicedevice I-devicedevice B-final-valuesyspercentage
B-commandcommand O I-commandcommand B-roomroom I-roomroom I-roomroom I-roomroom I-roomroom O
B-commandcommand O O B-devicedevice I-devicedevice I-devicedevice I-devicedevice O
B-devicedevice I-devicedevice I-devicedevice I-devicedevice
B-devicedevice I-devicedevice O B-roomroom I-roomroom O O
B-commandcommand O O B-devicedevice I-devicedevice I-devicedevice O
B-commandcommand O O B-devicedevice I-devicedevice I-devicedevice O
O O B-commandcommand O O O B-devicedevice I-devicedevice O
B-commandcommand O I-devicedevice O B-devicedevice I-devicedevice I-roomroom
B-commandcommand O O B-devicedevice I-devicedevice I-devicedevice I-devicedevice O
B-devicedevice I-devicedevice I-devicedevice O B-roomroom O O
O O O B-commandcommand O B-devicedevice I-devicedevice I-devicedevice I-devicedevice I-devicedevice O
O O B-commandcommand O O O B-devicedevice I-devicedevice O
B-commandcommand O O B-devicedevice I-devicedevice I-devicedevice I-devicedevice O
O B-roomroom O B-commandcommand O B-devicedevice I-devicedevice I-devicedevice I-devicedevice I-devicedevice O B-roomroom I-roomroom I-roomroom O O O O O
B-commandcommand B-roomroom O B-commandcommand O B-devicedevice I-devicedevice I-devicedevice O B-roomroom I-roomroom I-roomroom O O O O O
B-commandcommand O I-devicedevice O B-devicedevice I-devicedevice B-final-valuesyspercentage
O O O B-commandcommand O B-devicedevice I-devicedevice I-devicedevice I-devicedevice I-devicedevice O
B-commandcommand O I-devicedevice O B-devicedevice I-devicedevice I-devicedevice I-roomroom
B-commandcommand B-roomroom O B-commandcommand O B-devicedevice I-devicedevice I-devicedevice I-devicedevice O I-roomroom O O O O O
B-commandcommand O I-devicedevice O B-devicedevice I-devicedevice B-final-valuesyspercentage
O O O B-commandcommand O B-devicedevice I-devicedevice I-devicedevice O
O O I-commandcommand B-roomroom B-devicedevice O
O B-roomroom O B-commandcommand O B-devicedevice I-devicedevice O B-devicedevice O O O O O
B-devicedevice I-devicedevice I-devicedevice I-devicedevice O B-roomroom I-roomroom O O
B-commandcommand O O B-devicedevice I-devicedevice O
B-devicedevice I-devicedevice I-devicedevice I-devicedevice O B-roomroom B-sysnumbersysnumber O O
B-commandcommand O I-commandcommand B-roomroom I-roomroom I-roomroom O
B-commandcommand O O B-devicedevice I-devicedevice I-devicedevice I-devicedevice O
B-commandcommand O O B-devicedevice I-devicedevice O
B-commandcommand O O B-devicedevice I-devicedevice I-devicedevice O
B-commandcommand O O B-devicedevice I-devicedevice I-devicedevice I-devicedevice O
O O O B-commandcommand O B-devicedevice I-devicedevice I-devicedevice O
B-devicedevice I-devicedevice
B-devicedevice I-devicedevice I-devicedevice I-devicedevice I-devicedevice
B-devicedevice I-devicedevice I-devicedevice I-devicedevice
O O O B-commandcommand O B-devicedevice I-devicedevice I-devicedevice O
B-devicedevice I-devicedevice O I-devicedevice O I-devicedevice O O
O B-roomroom O B-commandcommand O B-devicedevice I-devicedevice I-devicedevice I-devicedevice O B-roomroom I-roomroom I-roomroom O O O O O
B-commandcommand O I-commandcommand B-roomroom I-roomroom O
O B-devicedevice
O O O O O O
O O O O
O O O O O
O O
O O O O O O O O
O O O O O
