I-change-valuesyspercentage I-change-valuesyspercentage I-change-valuesyspercentage I-change-valuesyspercentage I-change-valuesyspercentage I-change-valuesyspercentage I-change-valuesyspercentage I-change-valuesyspercentage I-change-valuesyspercentage I-change-valuesyspercentage I-change-valuesyspercentage I-change-valuesyspercentage
